// Jest Snapshot v1, https://goo.gl/fbAQLP

exports[`renders correctly 1`] = `
<div
  className="hZMqmF"
>
  <div
    className="cjSRwK"
    width={3}
  >
    <ul
      className="hYeTRm"
    >
      <li>
        <a
          href="#575ac46debad644c13000003"
        >
          Materials
        </a>
      </li>
      <li>
        <a
          href="#575ac46debad644c13000004"
        >
          Medium and Techniques
        </a>
      </li>
      <li>
        <a
          href="#575ac46debad644c13000005"
        >
          Style or Movement
        </a>
      </li>
    </ul>
  </div>
  <div
    className="VtWOR"
    width={9}
  >
    <div
      className="jLZjKw"
    >
      <h2>
        The Art Genome Project
      </h2>
      <p>
        The Art Genome Project is the classification system and technological framework that powers Artsy.
      </p>
      <p>
        It maps the characteristics (we call them “genes”) that connect artists, artworks, architecture, and design objects across history.
      </p>
      <p>
        There are currently over 1,000 characteristics in The Art Genome Project, including art historical movements, subject matter, and formal qualities.
      </p>
    </div>
    <div
      className="iLIUgu"
    >
      <div
        className="gene-family"
        id="575ac46debad644c13000003"
      >
        <h3>
          Materials
        </h3>
        <div>
          The physical materials that compose artworks, design objects and works of architecture.
        </div>
        <ul>
          <li>
            Assemblage
          </li>
          <li>
            Bronze
          </li>
          <li>
            Found Objects
          </li>
          <li>
            Glass as Material
          </li>
          <li>
            Mosaics
          </li>
          <li>
            Plastic
          </li>
          <li>
            Silver
          </li>
          <li>
            Use of Common Materials
          </li>
          <li>
            Use of Ephemeral Materials
          </li>
          <li>
            Wood
          </li>
        </ul>
      </div>
      <div
        className="gene-family"
        id="575ac46debad644c13000004"
      >
        <h3>
          Medium and Techniques
        </h3>
        <div>
          Includes methods and techniques used in painting, photography, printmaking, sculpture, filmmaking, performance and more.
        </div>
        <ul>
          <li>
            Collage
          </li>
          <li>
            Comic/Cartoon
          </li>
          <li>
            Installation
          </li>
          <li>
            Kinetic Sculpture
          </li>
          <li>
            Mixed-Media
          </li>
          <li>
            Painting
          </li>
          <li>
            Performance Art
          </li>
          <li>
            Photography
          </li>
          <li>
            Sculpture
          </li>
          <li>
            Work on Paper
          </li>
        </ul>
      </div>
      <div
        className="gene-family"
        id="575ac46debad644c13000005"
      >
        <h3>
          Style or Movement
        </h3>
        <div>
          Historical groupings and art movements from the Renaissance to the present. These categories also include broad descriptions of styles, such as Abstract or Figurative art, as well as stylistic or conceptual tendencies in contemporary art.
        </div>
        <ul>
          <li>
            Art Deco
          </li>
          <li>
            Art Informel
          </li>
          <li>
            Art Nouveau
          </li>
          <li>
            Arte Povera
          </li>
          <li>
            Arts and Crafts Movement
          </li>
          <li>
            Ashcan School
          </li>
          <li>
            Bad Painting
          </li>
          <li>
            Barbizon School
          </li>
          <li>
            Bauhaus
          </li>
          <li>
            Body Art
          </li>
        </ul>
      </div>
    </div>
  </div>
</div>
`;
