// Jest Snapshot v1, https://goo.gl/fbAQLP

exports[`MarketInsights snapshots renders correctly 1`] = `
.c6 {
  font-family: 'Adobe Garamond W08','adobe-garamond-pro','AGaramondPro-Regular','Times New Roman',Times,serif;
  font-size: 15px;
  line-height: 1.25em;
  -webkit-font-smoothing: antialiased;
  color: #666666;
  -webkit-text-decoration: underline;
  text-decoration: underline;
}

.c3 {
  font-family: Unica77LLWebRegular,Arial,serif;
  -webkit-font-smoothing: antialiased;
  font-size: 12px;
  line-height: 1.4em;
  display: inline-block;
  position: relative;
  cursor: help;
  margin: 0 0.5em;
  width: 14px;
  height: 14px;
  margin-bottom: -2px;
}

.c3::before {
  display: block;
  top: 0;
  left: 0;
  position: absolute;
  content: "";
  z-index: 2;
  width: 14px;
  height: 14px;
  border-radius: 50%;
  line-height: 15px;
  text-align: center;
  color: white;
}

.c3:hover::before {
  visibility: hidden;
}

.c3:hover::after {
  opacity: 1;
  z-index: 3;
  visibility: visible;
}

.c3::after {
  display: block;
  top: 0;
  bottom: inherit;
  left: 0;
  right: inherit;
  position: absolute;
  visibility: hidden;
  text-align: left;
  z-index: 1;
  margin: -10px 0 0 -10px;
  width: 300px;
  color: #666666;
  font-weight: normal;
  background-color: white;
  padding: 20px;
  opacity: 0;
  margin: 0;
  -webkit-transform: translateZ(0);
  -ms-transform: translateZ(0);
  transform: translateZ(0);
  border: 1px solid #e5e5e5;
  content: "Blue chip galleries have multiple locations internationally and participate in major art fairs.";
}

.c4 {
  position: relative;
}

.c0 {
  font-family: Unica77LLWebMedium,Arial,serif;
  -webkit-font-smoothing: antialiased;
  font-size: 14px;
  line-height: 1.4em;
}

.c1 {
  border-bottom: 1px solid #e5e5e5;
  border-top: 1px solid #e5e5e5;
  padding: 20px;
  text-align: center;
}

.c1 > div {
  display: inline-block;
  padding: 10px 30px;
}

.c5 {
  color: #666666;
  padding: 8px 0;
  font-family: Unica77LLWebRegular,Arial,serif;
  -webkit-font-smoothing: antialiased;
  font-size: 10px;
  line-height: 1.4em;
}

.c5 a {
  font-family: Unica77LLWebRegular,Arial,serif;
  -webkit-font-smoothing: antialiased;
  font-size: 10px;
  line-height: 1.4em;
}

.c2 {
  display: inline-block;
}

<div
  className="c0"
>
  <div
    className="c1"
  >
    <div>
      $63m
       auction record
    </div>
    <div>
      <div>
        Represented by blue chip galleries
         
        <div
          className="c2"
        >
          <div
            className="c3"
          >
            <span
              style={
                Object {
                  "verticalAlign": "text-top",
                }
              }
            >
              <svg
                className="c4"
                fill="black100"
                height="18px"
                viewBox="0 0 18 18"
                width="18px"
              >
                <title>
                  More info
                </title>
                <path
                  d="M9 1.889A7.111 7.111 0 1 1 9 16.11 7.111 7.111 0 0 1 9 1.89zM9 1a8 8 0 1 0 0 16A8 8 0 0 0 9 1zm-.658 9.92v-.142c0-1.111.214-1.458 1.307-2.418.405-.294.66-.753.693-1.253a1.182 1.182 0 0 0-1.298-1.254 1.422 1.422 0 0 0-1.448 1.6H6.573a2.391 2.391 0 0 1 2.534-2.4 2.089 2.089 0 0 1 2.32 2c0 1.716-2.143 2.01-2.143 3.69v.177h-.942zm-.089 2.027V11.8H9.41v1.147H8.253z"
                  fillRule="nonzero"
                />
              </svg>
            </span>
          </div>
        </div>
      </div>
    </div>
    <div>
      Collected by major museums
    </div>
  </div>
  <div
    className="c5"
  >
    Generated using partial data. 
    <a
      className="c6"
      href="mailto:productfeedback@artsy.net?subject=Feedback on \\"About the Artist\\" information"
      target="_self"
    >
      Tell us what you think.
    </a>
  </div>
</div>
`;
