// Jest Snapshot v1, https://goo.gl/fbAQLP

exports[`Artwork renders correctly 1`] = `
.c8 {
  margin-bottom: 0.3px;
}

.c6 {
  font-family: Unica77LLWebMedium,'Helvetica Neue',Helvetica,Arial,sans-serif;
  font-weight: 500;
  font-size: 14px;
  line-height: 20px;
  color: black100;
}

.c7 {
  font-family: Unica77LLWebRegular,'Helvetica Neue',Helvetica,Arial,sans-serif;
  font-size: 14px;
  line-height: 20px;
  color: #000;
}

.c3 {
  font-family: 'Adobe Garamond W08','adobe-garamond-pro','AGaramondPro-Regular','Times New Roman',Times,serif;
  font-size: 15px;
  line-height: 1.25em;
  -webkit-font-smoothing: antialiased;
  color: #333333;
  -webkit-text-decoration: none;
  text-decoration: none;
}

.c5 {
  display: block;
  text-overflow: ellipsis;
  overflow: hidden;
  white-space: nowrap;
}

.c4 {
  font-family: Unica77LLWebRegular,Arial,serif;
  -webkit-font-smoothing: antialiased;
  font-size: 14px;
  line-height: 1.4em;
  color: #666666;
  margin-top: 12px;
  text-align: left;
}

.c0 {
  width: 100%;
}

.c1 {
  width: 100%;
  position: relative;
  cursor: pointer;
}

.c1::before {
  content: "";
  display: block;
  padding-bottom: 100%;
}

.c1 .overlay-container {
  -webkit-transition: opacity 0.25s;
  transition: opacity 0.25s;
}

.c1 .overlay-container.hovered {
  opacity: 0;
  visibility: hidden;
}

.c1 .overlay-container.selected {
  opacity: 1;
  visibility: visible;
}

.c2 {
  max-width: 100%;
  max-height: 100%;
  margin: auto;
  position: absolute;
  left: 0;
  top: 0;
  bottom: 0;
  right: 0;
}

@media (min-width:769px) {
  .c1:hover .overlay-container.hovered {
    opacity: 1;
    visibility: visible;
  }
}

<div
  className="c0"
  onClick={[Function]}
>
  <div
    className="c1"
  >
    <img
      className="c2"
      src="artsy.net/image-url"
    />
    <div
      className="overlay-container"
    />
  </div>
  <a
    className="c3"
    href="/artwork/mikael-olson-some-kind-of-dinosaur"
    target="_self"
  >
    <div
      className="c4"
    >
      <div>
        <div
          className="c5"
        >
          <div
            className="c6"
            color="black100"
            fontFamily={
              Object {
                "fontFamily": "Unica77LLWebMedium, 'Helvetica Neue', Helvetica, Arial, sans-serif",
                "fontWeight": 500,
              }
            }
            fontSize="14px"
            style={Object {}}
          >
            Mikael Olson
          </div>
        </div>
        <div
          className="c5"
        >
          <span>
            Some Kind of Dinosaur
          </span>
          , 2015
        </div>
        <div
          className="c5"
        >
          Gallery 1261
        </div>
        <div
          className="c7"
          color="#000"
          fontFamily="Unica77LLWebRegular, 'Helvetica Neue', Helvetica, Arial, sans-serif"
          fontSize="14px"
          style={
            Object {
              "display": "inline",
            }
          }
        >
          $875
           
        </div>
        <div
          className="c7"
          color="#000"
          fontFamily="Unica77LLWebRegular, 'Helvetica Neue', Helvetica, Arial, sans-serif"
          fontSize="14px"
          style={
            Object {
              "display": "inline",
            }
          }
        />
        <div
          className="c8"
        />
      </div>
    </div>
  </a>
</div>
`;
