// Jest Snapshot v1, https://goo.gl/fbAQLP

exports[`Shipping with no saved addresses commits set shipping mutation with the orderId and save address 1`] = `
Array [
  Array [
    Object {
      "id": null,
      "metadata": Object {},
      "name": "SetShippingMutation",
      "operationKind": "mutation",
      "text": "mutation SetShippingMutation(
  $input: CommerceSetShippingInput!
) {
  commerceSetShipping(input: $input) {
    orderOrError {
      __typename
      ... on CommerceOrderWithMutationSuccess {
        __typename
        order {
          __typename
          internalID
          state
          requestedFulfillment {
            __typename
            ... on CommerceShip {
              name
              addressLine1
              addressLine2
              city
              region
              country
              postalCode
              phoneNumber
            }
            ... on CommerceShipArta {
              name
              addressLine1
              addressLine2
              city
              region
              country
              postalCode
              phoneNumber
            }
          }
          lineItems {
            edges {
              node {
                shippingQuoteOptions {
                  edges {
                    ...ShippingQuotes_shippingQuotes
                  }
                }
                id
              }
            }
          }
          id
        }
      }
      ... on CommerceOrderWithMutationFailure {
        error {
          type
          code
          data
        }
      }
    }
  }
}

fragment ShippingQuotes_shippingQuotes on CommerceShippingQuoteEdge {
  node {
    id
    displayName
    isSelected
    price(precision: 2)
  }
}
",
    },
    Object {
      "input": Object {
        "fulfillmentType": "SHIP",
        "id": "1234",
        "phoneNumber": "8475937743",
        "shipping": Object {
          "addressLine1": "14 Gower's Walk",
          "addressLine2": "Suite 2.5, The Loom",
          "city": "Whitechapel",
          "country": "UK",
          "name": "Artsy UK Ltd",
          "phoneNumber": "",
          "postalCode": "E1 8PY",
          "region": "London",
        },
      },
    },
  ],
  Array [
    Object {
      "id": null,
      "metadata": Object {},
      "name": "CreateUserAddressMutation",
      "operationKind": "mutation",
      "text": "mutation CreateUserAddressMutation(
  $input: CreateUserAddressInput!
) {
  createUserAddress(input: $input) {
    userAddressOrErrors {
      __typename
      ... on UserAddress {
        id
        internalID
        addressLine1
        addressLine2
        addressLine3
        city
        country
        isDefault
        name
        phoneNumber
        postalCode
        region
      }
      ... on Errors {
        errors {
          message
        }
      }
    }
  }
}
",
    },
    Object {
      "input": Object {
        "attributes": Object {
          "addressLine1": "14 Gower's Walk",
          "addressLine2": "Suite 2.5, The Loom",
          "city": "Whitechapel",
          "country": "UK",
          "name": "Artsy UK Ltd",
          "phoneNumber": "8475937743",
          "postalCode": "E1 8PY",
          "region": "London",
        },
      },
    },
  ],
]
`;
